[INFO] Scanning for projects...
[INFO] 
[INFO] ------------------------< com.hospital:backend >------------------------
[INFO] Building hospital-backend 0.0.1-SNAPSHOT
[INFO]   from pom.xml
[INFO] --------------------------------[ jar ]---------------------------------
[INFO] 
[INFO] --- resources:3.3.1:resources (default-resources) @ backend ---
[INFO] Copying 4 resources from src\main\resources to target\classes
[INFO] Copying 28 resources from src\main\resources to target\classes
[INFO] 
[INFO] --- compiler:3.13.0:compile (default-compile) @ backend ---
[INFO] Recompiling the module because of changed source code.
[INFO] Compiling 415 source files with javac [debug parameters release 21] to target\classes
[INFO] Annotation processing is enabled because one or more processors were found
  on the class path. A future release of javac may disable annotation processing
  unless at least one processor is specified by name (-processor), or a search
  path is specified (--processor-path, --processor-module-path), or annotation
  processing is enabled explicitly (-proc:only, -proc:full).
  Use -Xlint:-options to suppress this message.
  Use -proc:none to disable annotation processing.
[INFO] -------------------------------------------------------------
[ERROR] COMPILATION ERROR : 
[INFO] -------------------------------------------------------------
[ERROR] /C:/Users/JUIF/inua/hospital-backend/src/main/java/com/hospital/backend/repository/DepartmentRepository.java:[1,1] illegal character: '\ufeff'
[ERROR] /C:/Users/JUIF/inua/hospital-backend/src/main/java/com/hospital/backend/repository/DepartmentRepository.java:[1,10] class, interface, enum, or record expected
[ERROR] /C:/Users/JUIF/inua/hospital-backend/src/main/java/com/hospital/backend/repository/DepartmentRepository.java:[3,1] class, interface, enum, or record expected
[ERROR] /C:/Users/JUIF/inua/hospital-backend/src/main/java/com/hospital/backend/repository/DepartmentRepository.java:[4,1] class, interface, enum, or record expected
[ERROR] /C:/Users/JUIF/inua/hospital-backend/src/main/java/com/hospital/backend/repository/DepartmentRepository.java:[5,1] class, interface, enum, or record expected
[ERROR] /C:/Users/JUIF/inua/hospital-backend/src/main/java/com/hospital/backend/repository/DepartmentRepository.java:[7,1] class, interface, enum, or record expected
[INFO] 6 errors 
[INFO] -------------------------------------------------------------
[INFO] ------------------------------------------------------------------------
[INFO] BUILD FAILURE
[INFO] ------------------------------------------------------------------------
[INFO] Total time:  4.916 s
[INFO] Finished at: 2026-06-21T13:43:18+01:00
[INFO] ------------------------------------------------------------------------
[ERROR] Failed to execute goal org.apache.maven.plugins:maven-compiler-plugin:3.13.0:compile (default-compile) on project backend: Compilation failure: Compilation failure: 
[ERROR] /C:/Users/JUIF/inua/hospital-backend/src/main/java/com/hospital/backend/repository/DepartmentRepository.java:[1,1] illegal character: '\ufeff'
[ERROR] /C:/Users/JUIF/inua/hospital-backend/src/main/java/com/hospital/backend/repository/DepartmentRepository.java:[1,10] class, interface, enum, or record expected
[ERROR] /C:/Users/JUIF/inua/hospital-backend/src/main/java/com/hospital/backend/repository/DepartmentRepository.java:[3,1] class, interface, enum, or record expected
[ERROR] /C:/Users/JUIF/inua/hospital-backend/src/main/java/com/hospital/backend/repository/DepartmentRepository.java:[4,1] class, interface, enum, or record expected
[ERROR] /C:/Users/JUIF/inua/hospital-backend/src/main/java/com/hospital/backend/repository/DepartmentRepository.java:[5,1] class, interface, enum, or record expected
[ERROR] /C:/Users/JUIF/inua/hospital-backend/src/main/java/com/hospital/backend/repository/DepartmentRepository.java:[7,1] class, interface, enum, or record expected
[ERROR] -> [Help 1]
[ERROR] 
[ERROR] To see the full stack trace of the errors, re-run Maven with the -e switch.
[ERROR] Re-run Maven using the -X switch to enable full debug logging.
[ERROR] 
[ERROR] For more information about the errors and possible solutions, please read the following articles:
[ERROR] [Help 1] http://cwiki.apache.org/confluence/display/MAVEN/MojoFailureException
